=========================================================
    마중 스마트배시넷 EasyEDA 회로도(Schematic) 자동 구성    
=========================================================

설계 데이터 로드 완료: Majung_Smart_Bassinet_v1.1
Connecting to EasyEDA Bridge Server at http://127.0.0.1:49620...
[OK] Bridge Server is running.
[OK] EasyEDA Editor Client Connection Verified.
EasyEDA에서 27개 부품 정보 일괄 조회 중...
부품 정보 1차 조회 성공: 27/27개 매칭됨.
[OK] 모든 부품이 이미 로컬 캐시에 존재합니다.
1-A단계: 기존 캔버스 클리어 및 심볼 매핑 분석 중...
[OK] 회로도 페이지가 성공적으로 재생성되어 클리어되었습니다. 에디터 대기 중 (3s)...
기존 심볼 매핑 획득 완료: 0개
1-B & 1-C단계: 부품 53개를 크기 1의 Chunk 53개로 분할 배치 및 핀 좌표 수집 중...
  [Chunk 1/53] U1 배치 중...
  [Chunk 2/53] U2 배치 중...
  [Chunk 3/53] U3 배치 중...
  [Chunk 4/53] U4 배치 중...
  [Chunk 5/53] U5 배치 중...
  [Chunk 6/53] D1 배치 중...
  [Chunk 7/53] USB_C 배치 중...
  [Chunk 8/53] UART_HDR 배치 중...
  [Chunk 9/53] C1 배치 중...
  [Chunk 10/53] C2 배치 중...
  [Chunk 11/53] C3 배치 중...
  [Chunk 12/53] C4 배치 중...
  [Chunk 13/53] C5 배치 중...
  [Chunk 14/53] C6 배치 중...
  [Chunk 15/53] C7 배치 중...
  [Chunk 16/53] C8 배치 중...
  [Chunk 17/53] C9 배치 중...
  [Chunk 18/53] C10 배치 중...
  [Chunk 19/53] L1 배치 중...
  [Chunk 20/53] D3 배치 중...
  [Chunk 21/53] R1 배치 중...
  [Chunk 22/53] R2 배치 중...
  [Chunk 23/53] R3 배치 중...
  [Chunk 24/53] R4 배치 중...
  [Chunk 25/53] R5 배치 중...
  [Chunk 26/53] C17 배치 중...
  [Chunk 27/53] R6 배치 중...
  [Chunk 28/53] C11 배치 중...
  [Chunk 29/53] C12 배치 중...
  [Chunk 30/53] C13 배치 중...
  [Chunk 31/53] C14 배치 중...
  [Chunk 32/53] C15 배치 중...
  [Chunk 33/53] J1 배치 중...
  [Chunk 34/53] J2 배치 중...
  [Chunk 35/53] R7 배치 중...
  [Chunk 36/53] R8 배치 중...
  [Chunk 37/53] C18 배치 중...
  [Chunk 38/53] C19 배치 중...
  [Chunk 39/53] C20 배치 중...
  [Chunk 40/53] R9 배치 중...
  [Chunk 41/53] R10 배치 중...
  [Chunk 42/53] R11 배치 중...
  [Chunk 43/53] C21 배치 중...
  [Chunk 44/53] C22 배치 중...
  [Chunk 45/53] C23 배치 중...
  [Chunk 46/53] FB1 배치 중...
  [Chunk 47/53] C24 배치 중...
  [Chunk 48/53] FB2 배치 중...
  [Chunk 49/53] C25 배치 중...
  [Chunk 50/53] FB3 배치 중...
  [Chunk 51/53] C26 배치 중...
  [Chunk 52/53] FB4 배치 중...
  [Chunk 53/53] C27 배치 중...
부품 53개 배치 완료, 총 핀 216개 정보 수집 완료.
수집된 총 핀 개수: 216개
[OK] 모든 스펙 핀이 심볼 핀과 매칭 확인됨
[A1] a1_symbol_verify.json 저장됨
그려야 할 와이어: 181개, 배치할 네트 포트/플래그: 181개
드로잉 묶음 1/91 전송 중 (와이어 2개, 네트 2개)...
[OK] 묶음 1 그리기 완료
드로잉 묶음 2/91 전송 중 (와이어 2개, 네트 2개)...
[OK] 묶음 2 그리기 완료
드로잉 묶음 3/91 전송 중 (와이어 2개, 네트 2개)...
[OK] 묶음 3 그리기 완료
드로잉 묶음 4/91 전송 중 (와이어 2개, 네트 2개)...
[OK] 묶음 4 그리기 완료
드로잉 묶음 5/91 전송 중 (와이어 2개, 네트 2개)...
[OK] 묶음 5 그리기 완료
드로잉 묶음 6/91 전송 중 (와이어 2개, 네트 2개)...
[OK] 묶음 6 그리기 완료
드로잉 묶음 7/91 전송 중 (와이어 2개, 네트 2개)...
[OK] 묶음 7 그리기 완료
드로잉 묶음 8/91 전송 중 (와이어 2개, 네트 2개)...
[OK] 묶음 8 그리기 완료
드로잉 묶음 9/91 전송 중 (와이어 2개, 네트 2개)...
[OK] 묶음 9 그리기 완료
드로잉 묶음 10/91 전송 중 (와이어 2개, 네트 2개)...
[OK] 묶음 10 그리기 완료
드로잉 묶음 11/91 전송 중 (와이어 2개, 네트 2개)...
[OK] 묶음 11 그리기 완료
드로잉 묶음 12/91 전송 중 (와이어 2개, 네트 2개)...
[OK] 묶음 12 그리기 완료
드로잉 묶음 13/91 전송 중 (와이어 2개, 네트 2개)...
[OK] 묶음 13 그리기 완료
드로잉 묶음 14/91 전송 중 (와이어 2개, 네트 2개)...
[OK] 묶음 14 그리기 완료
드로잉 묶음 15/91 전송 중 (와이어 2개, 네트 2개)...
[OK] 묶음 15 그리기 완료
드로잉 묶음 16/91 전송 중 (와이어 2개, 네트 2개)...
[OK] 묶음 16 그리기 완료
드로잉 묶음 17/91 전송 중 (와이어 2개, 네트 2개)...
[OK] 묶음 17 그리기 완료
드로잉 묶음 18/91 전송 중 (와이어 2개, 네트 2개)...
[OK] 묶음 18 그리기 완료
드로잉 묶음 19/91 전송 중 (와이어 2개, 네트 2개)...
[OK] 묶음 19 그리기 완료
드로잉 묶음 20/91 전송 중 (와이어 2개, 네트 2개)...
[OK] 묶음 20 그리기 완료
드로잉 묶음 21/91 전송 중 (와이어 2개, 네트 2개)...
[OK] 묶음 21 그리기 완료
드로잉 묶음 22/91 전송 중 (와이어 2개, 네트 2개)...
[OK] 묶음 22 그리기 완료
드로잉 묶음 23/91 전송 중 (와이어 2개, 네트 2개)...
[OK] 묶음 23 그리기 완료
드로잉 묶음 24/91 전송 중 (와이어 2개, 네트 2개)...
[OK] 묶음 24 그리기 완료
드로잉 묶음 25/91 전송 중 (와이어 2개, 네트 2개)...
[OK] 묶음 25 그리기 완료
드로잉 묶음 26/91 전송 중 (와이어 2개, 네트 2개)...
[OK] 묶음 26 그리기 완료
드로잉 묶음 27/91 전송 중 (와이어 2개, 네트 2개)...
[OK] 묶음 27 그리기 완료
드로잉 묶음 28/91 전송 중 (와이어 2개, 네트 2개)...
[OK] 묶음 28 그리기 완료
드로잉 묶음 29/91 전송 중 (와이어 2개, 네트 2개)...
[OK] 묶음 29 그리기 완료
드로잉 묶음 30/91 전송 중 (와이어 2개, 네트 2개)...
[OK] 묶음 30 그리기 완료
드로잉 묶음 31/91 전송 중 (와이어 2개, 네트 2개)...
[OK] 묶음 31 그리기 완료
드로잉 묶음 32/91 전송 중 (와이어 2개, 네트 2개)...
[OK] 묶음 32 그리기 완료
드로잉 묶음 33/91 전송 중 (와이어 2개, 네트 2개)...
[OK] 묶음 33 그리기 완료
드로잉 묶음 34/91 전송 중 (와이어 2개, 네트 2개)...
[OK] 묶음 34 그리기 완료
드로잉 묶음 35/91 전송 중 (와이어 2개, 네트 2개)...
[OK] 묶음 35 그리기 완료
드로잉 묶음 36/91 전송 중 (와이어 2개, 네트 2개)...
[OK] 묶음 36 그리기 완료
드로잉 묶음 37/91 전송 중 (와이어 2개, 네트 2개)...
[OK] 묶음 37 그리기 완료
드로잉 묶음 38/91 전송 중 (와이어 2개, 네트 2개)...
[OK] 묶음 38 그리기 완료
드로잉 묶음 39/91 전송 중 (와이어 2개, 네트 2개)...
[OK] 묶음 39 그리기 완료
드로잉 묶음 40/91 전송 중 (와이어 2개, 네트 2개)...
[OK] 묶음 40 그리기 완료
드로잉 묶음 41/91 전송 중 (와이어 2개, 네트 2개)...
[OK] 묶음 41 그리기 완료
드로잉 묶음 42/91 전송 중 (와이어 2개, 네트 2개)...
[OK] 묶음 42 그리기 완료
드로잉 묶음 43/91 전송 중 (와이어 2개, 네트 2개)...
[OK] 묶음 43 그리기 완료
드로잉 묶음 44/91 전송 중 (와이어 2개, 네트 2개)...
[OK] 묶음 44 그리기 완료
드로잉 묶음 45/91 전송 중 (와이어 2개, 네트 2개)...
[OK] 묶음 45 그리기 완료
드로잉 묶음 46/91 전송 중 (와이어 2개, 네트 2개)...
[OK] 묶음 46 그리기 완료
드로잉 묶음 47/91 전송 중 (와이어 2개, 네트 2개)...
[OK] 묶음 47 그리기 완료
드로잉 묶음 48/91 전송 중 (와이어 2개, 네트 2개)...
[OK] 묶음 48 그리기 완료
드로잉 묶음 49/91 전송 중 (와이어 2개, 네트 2개)...
[OK] 묶음 49 그리기 완료
드로잉 묶음 50/91 전송 중 (와이어 2개, 네트 2개)...
[OK] 묶음 50 그리기 완료
드로잉 묶음 51/91 전송 중 (와이어 2개, 네트 2개)...
[OK] 묶음 51 그리기 완료
드로잉 묶음 52/91 전송 중 (와이어 2개, 네트 2개)...
[OK] 묶음 52 그리기 완료
드로잉 묶음 53/91 전송 중 (와이어 2개, 네트 2개)...
[OK] 묶음 53 그리기 완료
드로잉 묶음 54/91 전송 중 (와이어 2개, 네트 2개)...
[OK] 묶음 54 그리기 완료
드로잉 묶음 55/91 전송 중 (와이어 2개, 네트 2개)...
[OK] 묶음 55 그리기 완료
드로잉 묶음 56/91 전송 중 (와이어 2개, 네트 2개)...
[OK] 묶음 56 그리기 완료
드로잉 묶음 57/91 전송 중 (와이어 2개, 네트 2개)...
[OK] 묶음 57 그리기 완료
드로잉 묶음 58/91 전송 중 (와이어 2개, 네트 2개)...
[OK] 묶음 58 그리기 완료
드로잉 묶음 59/91 전송 중 (와이어 2개, 네트 2개)...
[OK] 묶음 59 그리기 완료
드로잉 묶음 60/91 전송 중 (와이어 2개, 네트 2개)...
[OK] 묶음 60 그리기 완료
드로잉 묶음 61/91 전송 중 (와이어 2개, 네트 2개)...
[OK] 묶음 61 그리기 완료
드로잉 묶음 62/91 전송 중 (와이어 2개, 네트 2개)...
[OK] 묶음 62 그리기 완료
드로잉 묶음 63/91 전송 중 (와이어 2개, 네트 2개)...
[OK] 묶음 63 그리기 완료
드로잉 묶음 64/91 전송 중 (와이어 2개, 네트 2개)...
[OK] 묶음 64 그리기 완료
드로잉 묶음 65/91 전송 중 (와이어 2개, 네트 2개)...
[OK] 묶음 65 그리기 완료
드로잉 묶음 66/91 전송 중 (와이어 2개, 네트 2개)...
[OK] 묶음 66 그리기 완료
드로잉 묶음 67/91 전송 중 (와이어 2개, 네트 2개)...
[OK] 묶음 67 그리기 완료
드로잉 묶음 68/91 전송 중 (와이어 2개, 네트 2개)...
[OK] 묶음 68 그리기 완료
드로잉 묶음 69/91 전송 중 (와이어 2개, 네트 2개)...
[OK] 묶음 69 그리기 완료
드로잉 묶음 70/91 전송 중 (와이어 2개, 네트 2개)...
[OK] 묶음 70 그리기 완료
드로잉 묶음 71/91 전송 중 (와이어 2개, 네트 2개)...
[OK] 묶음 71 그리기 완료
드로잉 묶음 72/91 전송 중 (와이어 2개, 네트 2개)...
[OK] 묶음 72 그리기 완료
드로잉 묶음 73/91 전송 중 (와이어 2개, 네트 2개)...
[OK] 묶음 73 그리기 완료
드로잉 묶음 74/91 전송 중 (와이어 2개, 네트 2개)...
[OK] 묶음 74 그리기 완료
드로잉 묶음 75/91 전송 중 (와이어 2개, 네트 2개)...
[OK] 묶음 75 그리기 완료
드로잉 묶음 76/91 전송 중 (와이어 2개, 네트 2개)...
[OK] 묶음 76 그리기 완료
드로잉 묶음 77/91 전송 중 (와이어 2개, 네트 2개)...
[OK] 묶음 77 그리기 완료
드로잉 묶음 78/91 전송 중 (와이어 2개, 네트 2개)...
[OK] 묶음 78 그리기 완료
드로잉 묶음 79/91 전송 중 (와이어 2개, 네트 2개)...
[OK] 묶음 79 그리기 완료
드로잉 묶음 80/91 전송 중 (와이어 2개, 네트 2개)...
[OK] 묶음 80 그리기 완료
드로잉 묶음 81/91 전송 중 (와이어 2개, 네트 2개)...
[OK] 묶음 81 그리기 완료
드로잉 묶음 82/91 전송 중 (와이어 2개, 네트 2개)...
[OK] 묶음 82 그리기 완료
드로잉 묶음 83/91 전송 중 (와이어 2개, 네트 2개)...
[OK] 묶음 83 그리기 완료
드로잉 묶음 84/91 전송 중 (와이어 2개, 네트 2개)...
[OK] 묶음 84 그리기 완료
드로잉 묶음 85/91 전송 중 (와이어 2개, 네트 2개)...
[OK] 묶음 85 그리기 완료
드로잉 묶음 86/91 전송 중 (와이어 2개, 네트 2개)...
[OK] 묶음 86 그리기 완료
드로잉 묶음 87/91 전송 중 (와이어 2개, 네트 2개)...
[OK] 묶음 87 그리기 완료
드로잉 묶음 88/91 전송 중 (와이어 2개, 네트 2개)...
[OK] 묶음 88 그리기 완료
드로잉 묶음 89/91 전송 중 (와이어 2개, 네트 2개)...
[OK] 묶음 89 그리기 완료
드로잉 묶음 90/91 전송 중 (와이어 2개, 네트 2개)...
[OK] 묶음 90 그리기 완료
드로잉 묶음 91/91 전송 중 (와이어 1개, 네트 1개)...
[OK] 묶음 91 그리기 완료
마무리 단계: PCB Unique ID 동기화 작업 전송 중...

=========================================================
 회로도(Schematic1) 자동 생성 및 PCB 매핑(UniqueId) 완료! 
 에디터에서 PCB와 회로도가 정상 연결된 것을 확인하세요.   
=========================================================

